// Vitest Snapshot v1, https://vitest.dev/guide/snapshot.html

exports[`golden file — 12-week training log > produces a stable snapshot of levels, ranks, and PR counts 1`] = `
{
  "finalLevel": 14,
  "finalRanks": {
    "abductors": "unranked",
    "abs": "D",
    "adductors": "unranked",
    "biceps": "E",
    "calves": "unranked",
    "chestClavicular": "D",
    "chestSternal": "D",
    "deltAnterior": "E",
    "deltLateral": "E",
    "deltPosterior": "E",
    "forearms": "unranked",
    "glutes": "D",
    "hamstrings": "E",
    "lats": "D",
    "lowerBack": "D",
    "neck": "unranked",
    "obliques": "E",
    "quads": "D",
    "rhomboids": "D",
    "trapLower": "unranked",
    "trapMid": "unranked",
    "trapUpper": "unranked",
    "tricepsLateral": "E",
    "tricepsLong": "E",
  },
  "prCount": 146,
  "sessionCount": 36,
  "totalXp": 3615,
}
`;
